2025/09/02 03:24:49 [notice] 1#1: signal 3 (SIGQUIT) received, shutting down
2025/09/02 03:24:49 [notice] 29#29: gracefully shutting down
2025/09/02 03:24:49 [notice] 31#31: gracefully shutting down
2025/09/02 03:24:49 [notice] 34#34: gracefully shutting down
2025/09/02 03:24:49 [notice] 37#37: gracefully shutting down
2025/09/02 03:24:49 [notice] 30#30: gracefully shutting down
2025/09/02 03:24:49 [notice] 35#35: gracefully shutting down
2025/09/02 03:24:49 [notice] 38#38: gracefully shutting down
2025/09/02 03:24:49 [notice] 32#32: gracefully shutting down
2025/09/02 03:24:49 [notice] 39#39: gracefully shutting down
2025/09/02 03:24:49 [notice] 41#41: gracefully shutting down
2025/09/02 03:24:49 [notice] 36#36: gracefully shutting down
2025/09/02 03:24:49 [notice] 40#40: gracefully shutting down
2025/09/02 03:24:49 [notice] 44#44: gracefully shutting down
2025/09/02 03:24:49 [notice] 43#43: gracefully shutting down
2025/09/02 03:24:49 [notice] 33#33: gracefully shutting down
2025/09/02 03:24:49 [notice] 42#42: gracefully shutting down
2025/09/02 03:24:49 [notice] 29#29: exiting
2025/09/02 03:24:49 [notice] 31#31: exiting
2025/09/02 03:24:49 [notice] 34#34: exiting
2025/09/02 03:24:49 [notice] 31#31: exit
2025/09/02 03:24:49 [notice] 37#37: exiting
2025/09/02 03:24:49 [notice] 30#30: exiting
2025/09/02 03:24:49 [notice] 35#35: exiting
2025/09/02 03:24:49 [notice] 38#38: exiting
2025/09/02 03:24:49 [notice] 32#32: exiting
2025/09/02 03:24:49 [notice] 39#39: exiting
2025/09/02 03:24:49 [notice] 41#41: exiting
2025/09/02 03:24:49 [notice] 36#36: exiting
2025/09/02 03:24:49 [notice] 40#40: exiting
2025/09/02 03:24:49 [notice] 44#44: exiting
2025/09/02 03:24:49 [notice] 43#43: exiting
2025/09/02 03:24:49 [notice] 33#33: exiting
2025/09/02 03:24:49 [notice] 42#42: exiting
2025/09/02 03:24:49 [notice] 29#29: exit
2025/09/02 03:24:49 [notice] 34#34: exit
2025/09/02 03:24:49 [notice] 37#37: exit
2025/09/02 03:24:49 [notice] 30#30: exit
2025/09/02 03:24:49 [notice] 35#35: exit
2025/09/02 03:24:49 [notice] 38#38: exit
2025/09/02 03:24:49 [notice] 32#32: exit
2025/09/02 03:24:49 [notice] 39#39: exit
2025/09/02 03:24:49 [notice] 41#41: exit
2025/09/02 03:24:49 [notice] 36#36: exit
2025/09/02 03:24:49 [notice] 40#40: exit
2025/09/02 03:24:49 [notice] 44#44: exit
2025/09/02 03:24:49 [notice] 43#43: exit
2025/09/02 03:24:49 [notice] 33#33: exit
2025/09/02 03:24:49 [notice] 42#42: exit
2025/09/02 03:24:49 [notice] 1#1: signal 17 (SIGCHLD) received from 38
2025/09/02 03:24:49 [notice] 1#1: worker process 29 exited with code 0
2025/09/02 03:24:49 [notice] 1#1: worker process 32 exited with code 0
2025/09/02 03:24:49 [notice] 1#1: worker process 33 exited with code 0
2025/09/02 03:24:49 [notice] 1#1: worker process 37 exited with code 0
2025/09/02 03:24:49 [notice] 1#1: worker process 38 exited with code 0
2025/09/02 03:24:49 [notice] 1#1: worker process 39 exited with code 0
2025/09/02 03:24:49 [notice] 1#1: worker process 43 exited with code 0
2025/09/02 03:24:49 [notice] 1#1: signal 29 (SIGIO) received
2025/09/02 03:24:49 [notice] 1#1: signal 17 (SIGCHLD) received from 33
2025/09/02 03:24:49 [notice] 1#1: signal 17 (SIGCHLD) received from 40
2025/09/02 03:24:49 [notice] 1#1: worker process 30 exited with code 0
2025/09/02 03:24:49 [notice] 1#1: worker process 31 exited with code 0
2025/09/02 03:24:49 [notice] 1#1: worker process 34 exited with code 0
2025/09/02 03:24:49 [notice] 1#1: worker process 35 exited with code 0
2025/09/02 03:24:49 [notice] 1#1: worker process 40 exited with code 0
2025/09/02 03:24:49 [notice] 1#1: worker process 41 exited with code 0
2025/09/02 03:24:49 [notice] 1#1: worker process 42 exited with code 0
2025/09/02 03:24:49 [notice] 1#1: worker process 44 exited with code 0
2025/09/02 03:24:49 [notice] 1#1: signal 29 (SIGIO) received
2025/09/02 03:24:49 [notice] 1#1: signal 17 (SIGCHLD) received from 44
2025/09/02 03:24:49 [notice] 1#1: signal 17 (SIGCHLD) received from 36
2025/09/02 03:24:49 [notice] 1#1: worker process 36 exited with code 0
2025/09/02 03:24:49 [notice] 1#1: exit
2025/09/02 03:26:11 [notice] 1#1: using the "epoll" event method
2025/09/02 03:26:11 [notice] 1#1: nginx/1.29.1
2025/09/02 03:26:11 [notice] 1#1: built by gcc 12.2.0 (Debian 12.2.0-14+deb12u1) 
2025/09/02 03:26:11 [notice] 1#1: OS: Linux 6.6.87.2-microsoft-standard-WSL2
2025/09/02 03:26:11 [notice] 1#1: getrlimit(RLIMIT_NOFILE): 1048576:1048576
2025/09/02 03:26:11 [notice] 1#1: start worker processes
2025/09/02 03:26:11 [notice] 1#1: start worker process 28
2025/09/02 03:26:11 [notice] 1#1: start worker process 29
2025/09/02 03:26:11 [notice] 1#1: start worker process 30
2025/09/02 03:26:11 [notice] 1#1: start worker process 31
2025/09/02 03:26:11 [notice] 1#1: start worker process 32
2025/09/02 03:26:11 [notice] 1#1: start worker process 33
2025/09/02 03:26:11 [notice] 1#1: start worker process 34
2025/09/02 03:26:11 [notice] 1#1: start worker process 35
2025/09/02 03:26:11 [notice] 1#1: start worker process 36
2025/09/02 03:26:11 [notice] 1#1: start worker process 37
2025/09/02 03:26:11 [notice] 1#1: start worker process 38
2025/09/02 03:26:11 [notice] 1#1: start worker process 39
2025/09/02 03:26:11 [notice] 1#1: start worker process 40
2025/09/02 03:26:11 [notice] 1#1: start worker process 41
2025/09/02 03:26:11 [notice] 1#1: start worker process 42
2025/09/02 03:26:11 [notice] 1#1: start worker process 43
2025/09/02 06:07:24 [notice] 1#1: signal 3 (SIGQUIT) received, shutting down
2025/09/02 06:07:24 [notice] 28#28: gracefully shutting down
2025/09/02 06:07:24 [notice] 43#43: gracefully shutting down
2025/09/02 06:07:24 [notice] 33#33: gracefully shutting down
2025/09/02 06:07:24 [notice] 30#30: gracefully shutting down
2025/09/02 06:07:24 [notice] 38#38: gracefully shutting down
2025/09/02 06:07:24 [notice] 29#29: gracefully shutting down
2025/09/02 06:07:24 [notice] 34#34: gracefully shutting down
2025/09/02 06:07:24 [notice] 35#35: gracefully shutting down
2025/09/02 06:07:24 [notice] 37#37: gracefully shutting down
2025/09/02 06:07:24 [notice] 41#41: gracefully shutting down
2025/09/02 06:07:24 [notice] 40#40: gracefully shutting down
2025/09/02 06:07:24 [notice] 42#42: gracefully shutting down
2025/09/02 06:07:24 [notice] 31#31: gracefully shutting down
2025/09/02 06:07:24 [notice] 39#39: gracefully shutting down
2025/09/02 06:07:24 [notice] 32#32: gracefully shutting down
2025/09/02 06:07:24 [notice] 36#36: gracefully shutting down
2025/09/02 06:07:24 [notice] 28#28: exiting
2025/09/02 06:07:24 [notice] 43#43: exiting
2025/09/02 06:07:24 [notice] 33#33: exiting
2025/09/02 06:07:24 [notice] 30#30: exiting
2025/09/02 06:07:24 [notice] 38#38: exiting
2025/09/02 06:07:24 [notice] 29#29: exiting
2025/09/02 06:07:24 [notice] 34#34: exiting
2025/09/02 06:07:24 [notice] 35#35: exiting
2025/09/02 06:07:24 [notice] 37#37: exiting
2025/09/02 06:07:24 [notice] 41#41: exiting
2025/09/02 06:07:24 [notice] 40#40: exiting
2025/09/02 06:07:24 [notice] 42#42: exiting
2025/09/02 06:07:24 [notice] 31#31: exiting
2025/09/02 06:07:24 [notice] 39#39: exiting
2025/09/02 06:07:24 [notice] 32#32: exiting
2025/09/02 06:07:24 [notice] 36#36: exiting
2025/09/02 06:07:24 [notice] 28#28: exit
2025/09/02 06:07:24 [notice] 43#43: exit
2025/09/02 06:07:24 [notice] 33#33: exit
2025/09/02 06:07:24 [notice] 30#30: exit
2025/09/02 06:07:24 [notice] 38#38: exit
2025/09/02 06:07:24 [notice] 29#29: exit
2025/09/02 06:07:24 [notice] 34#34: exit
2025/09/02 06:07:24 [notice] 35#35: exit
2025/09/02 06:07:24 [notice] 37#37: exit
2025/09/02 06:07:24 [notice] 41#41: exit
2025/09/02 06:07:24 [notice] 40#40: exit
2025/09/02 06:07:24 [notice] 42#42: exit
2025/09/02 06:07:24 [notice] 31#31: exit
2025/09/02 06:07:24 [notice] 39#39: exit
2025/09/02 06:07:24 [notice] 32#32: exit
2025/09/02 06:07:24 [notice] 36#36: exit
2025/09/02 06:07:24 [notice] 1#1: signal 17 (SIGCHLD) received from 29
2025/09/02 06:07:24 [notice] 1#1: worker process 28 exited with code 0
2025/09/02 06:07:24 [notice] 1#1: worker process 29 exited with code 0
2025/09/02 06:07:24 [notice] 1#1: worker process 30 exited with code 0
2025/09/02 06:07:24 [notice] 1#1: worker process 33 exited with code 0
2025/09/02 06:07:24 [notice] 1#1: worker process 34 exited with code 0
2025/09/02 06:07:24 [notice] 1#1: worker process 37 exited with code 0
2025/09/02 06:07:24 [notice] 1#1: worker process 41 exited with code 0
2025/09/02 06:07:24 [notice] 1#1: worker process 43 exited with code 0
2025/09/02 06:07:24 [notice] 1#1: worker process 38 exited with code 0
2025/09/02 06:07:24 [notice] 1#1: signal 29 (SIGIO) received
2025/09/02 06:07:24 [notice] 1#1: signal 17 (SIGCHLD) received from 30
2025/09/02 06:07:24 [notice] 1#1: signal 17 (SIGCHLD) received from 32
2025/09/02 06:07:24 [notice] 1#1: worker process 32 exited with code 0
2025/09/02 06:07:24 [notice] 1#1: signal 29 (SIGIO) received
2025/09/02 06:07:24 [notice] 1#1: signal 17 (SIGCHLD) received from 31
2025/09/02 06:07:24 [notice] 1#1: worker process 31 exited with code 0
2025/09/02 06:07:24 [notice] 1#1: worker process 39 exited with code 0
2025/09/02 06:07:24 [notice] 1#1: signal 29 (SIGIO) received
2025/09/02 06:07:24 [notice] 1#1: signal 17 (SIGCHLD) received from 40
2025/09/02 06:07:24 [notice] 1#1: worker process 35 exited with code 0
2025/09/02 06:07:24 [notice] 1#1: worker process 36 exited with code 0
2025/09/02 06:07:24 [notice] 1#1: worker process 40 exited with code 0
2025/09/02 06:07:24 [notice] 1#1: worker process 42 exited with code 0
2025/09/02 06:07:24 [notice] 1#1: exit
2025/09/02 06:08:45 [notice] 1#1: using the "epoll" event method
2025/09/02 06:08:45 [notice] 1#1: nginx/1.29.1
2025/09/02 06:08:45 [notice] 1#1: built by gcc 12.2.0 (Debian 12.2.0-14+deb12u1) 
2025/09/02 06:08:45 [notice] 1#1: OS: Linux 6.6.87.2-microsoft-standard-WSL2
2025/09/02 06:08:45 [notice] 1#1: getrlimit(RLIMIT_NOFILE): 1048576:1048576
2025/09/02 06:08:45 [notice] 1#1: start worker processes
2025/09/02 06:08:45 [notice] 1#1: start worker process 28
2025/09/02 06:08:45 [notice] 1#1: start worker process 29
2025/09/02 06:08:45 [notice] 1#1: start worker process 30
2025/09/02 06:08:45 [notice] 1#1: start worker process 31
2025/09/02 06:08:45 [notice] 1#1: start worker process 32
2025/09/02 06:08:45 [notice] 1#1: start worker process 33
2025/09/02 06:08:45 [notice] 1#1: start worker process 34
2025/09/02 06:08:45 [notice] 1#1: start worker process 35
2025/09/02 06:08:45 [notice] 1#1: start worker process 36
2025/09/02 06:08:45 [notice] 1#1: start worker process 37
2025/09/02 06:08:45 [notice] 1#1: start worker process 38
2025/09/02 06:08:45 [notice] 1#1: start worker process 39
2025/09/02 06:08:45 [notice] 1#1: start worker process 40
2025/09/02 06:08:45 [notice] 1#1: start worker process 41
2025/09/02 06:08:45 [notice] 1#1: start worker process 42
2025/09/02 06:08:45 [notice] 1#1: start worker process 43
2025/09/02 06:10:10 [info] 32#32: *17 client timed out (110: Connection timed out) while waiting for request, client: 172.18.0.1, server: 0.0.0.0:80
2025/09/02 06:10:33 [warn] 31#31: *14 a client request body is buffered to a temporary file /var/cache/nginx/client_temp/0000000001, client: 172.18.0.1, server: localhost, request: "POST /materials/ HTTP/1.1", host: "localhost:8088", referrer: "http://localhost:8088/studyfile"
2025/09/02 06:11:36 [warn] 31#31: *14 a client request body is buffered to a temporary file /var/cache/nginx/client_temp/0000000002, client: 172.18.0.1, server: localhost, request: "POST /materials/ HTTP/1.1", host: "localhost:8088", referrer: "http://localhost:8088/studyfile"
2025/09/02 06:20:45 [notice] 1#1: signal 3 (SIGQUIT) received, shutting down
2025/09/02 06:20:45 [notice] 28#28: gracefully shutting down
2025/09/02 06:20:45 [notice] 33#33: gracefully shutting down
2025/09/02 06:20:45 [notice] 29#29: gracefully shutting down
2025/09/02 06:20:45 [notice] 30#30: gracefully shutting down
2025/09/02 06:20:45 [notice] 35#35: gracefully shutting down
2025/09/02 06:20:45 [notice] 34#34: gracefully shutting down
2025/09/02 06:20:45 [notice] 36#36: gracefully shutting down
2025/09/02 06:20:45 [notice] 38#38: gracefully shutting down
2025/09/02 06:20:45 [notice] 39#39: gracefully shutting down
2025/09/02 06:20:45 [notice] 32#32: gracefully shutting down
2025/09/02 06:20:45 [notice] 37#37: gracefully shutting down
2025/09/02 06:20:45 [notice] 40#40: gracefully shutting down
2025/09/02 06:20:45 [notice] 40#40: exiting
2025/09/02 06:20:45 [notice] 31#31: gracefully shutting down
2025/09/02 06:20:45 [notice] 43#43: gracefully shutting down
2025/09/02 06:20:45 [notice] 42#42: gracefully shutting down
2025/09/02 06:20:45 [notice] 42#42: exiting
2025/09/02 06:20:45 [notice] 41#41: gracefully shutting down
2025/09/02 06:20:45 [notice] 28#28: exiting
2025/09/02 06:20:45 [notice] 33#33: exiting
2025/09/02 06:20:45 [notice] 29#29: exiting
2025/09/02 06:20:45 [notice] 30#30: exiting
2025/09/02 06:20:45 [notice] 35#35: exiting
2025/09/02 06:20:45 [notice] 34#34: exiting
2025/09/02 06:20:45 [notice] 36#36: exiting
2025/09/02 06:20:45 [notice] 38#38: exiting
2025/09/02 06:20:45 [notice] 39#39: exiting
2025/09/02 06:20:45 [notice] 32#32: exiting
2025/09/02 06:20:45 [notice] 37#37: exiting
2025/09/02 06:20:45 [notice] 31#31: exiting
2025/09/02 06:20:45 [notice] 40#40: exit
2025/09/02 06:20:45 [notice] 43#43: exiting
2025/09/02 06:20:45 [notice] 42#42: exit
2025/09/02 06:20:45 [notice] 41#41: exiting
2025/09/02 06:20:45 [notice] 28#28: exit
2025/09/02 06:20:45 [notice] 33#33: exit
2025/09/02 06:20:45 [notice] 29#29: exit
2025/09/02 06:20:45 [notice] 30#30: exit
2025/09/02 06:20:45 [notice] 35#35: exit
2025/09/02 06:20:45 [notice] 34#34: exit
2025/09/02 06:20:45 [notice] 36#36: exit
2025/09/02 06:20:45 [notice] 38#38: exit
2025/09/02 06:20:45 [notice] 39#39: exit
2025/09/02 06:20:45 [notice] 32#32: exit
2025/09/02 06:20:45 [notice] 37#37: exit
2025/09/02 06:20:45 [notice] 31#31: exit
2025/09/02 06:20:45 [notice] 43#43: exit
2025/09/02 06:20:45 [notice] 41#41: exit
2025/09/02 06:20:45 [notice] 1#1: signal 17 (SIGCHLD) received from 30
2025/09/02 06:20:45 [notice] 1#1: worker process 30 exited with code 0
2025/09/02 06:20:45 [notice] 1#1: signal 29 (SIGIO) received
2025/09/02 06:20:45 [notice] 1#1: signal 17 (SIGCHLD) received from 37
2025/09/02 06:20:45 [notice] 1#1: worker process 34 exited with code 0
2025/09/02 06:20:45 [notice] 1#1: worker process 37 exited with code 0
2025/09/02 06:20:45 [notice] 1#1: signal 29 (SIGIO) received
2025/09/02 06:20:45 [notice] 1#1: signal 17 (SIGCHLD) received from 31
2025/09/02 06:20:45 [notice] 1#1: worker process 31 exited with code 0
2025/09/02 06:20:45 [notice] 1#1: worker process 29 exited with code 0
2025/09/02 06:20:45 [notice] 1#1: worker process 32 exited with code 0
2025/09/02 06:20:45 [notice] 1#1: worker process 33 exited with code 0
2025/09/02 06:20:45 [notice] 1#1: worker process 35 exited with code 0
2025/09/02 06:20:45 [notice] 1#1: worker process 38 exited with code 0
2025/09/02 06:20:45 [notice] 1#1: worker process 39 exited with code 0
2025/09/02 06:20:45 [notice] 1#1: worker process 41 exited with code 0
2025/09/02 06:20:45 [notice] 1#1: worker process 42 exited with code 0
2025/09/02 06:20:45 [notice] 1#1: worker process 28 exited with code 0
2025/09/02 06:20:45 [notice] 1#1: worker process 36 exited with code 0
2025/09/02 06:20:45 [notice] 1#1: worker process 40 exited with code 0
2025/09/02 06:20:45 [notice] 1#1: worker process 43 exited with code 0
2025/09/02 06:20:45 [notice] 1#1: exit
2025/09/02 06:22:21 [notice] 1#1: using the "epoll" event method
2025/09/02 06:22:21 [notice] 1#1: nginx/1.29.1
2025/09/02 06:22:21 [notice] 1#1: built by gcc 12.2.0 (Debian 12.2.0-14+deb12u1) 
2025/09/02 06:22:21 [notice] 1#1: OS: Linux 6.6.87.2-microsoft-standard-WSL2
2025/09/02 06:22:21 [notice] 1#1: getrlimit(RLIMIT_NOFILE): 1048576:1048576
2025/09/02 06:22:21 [notice] 1#1: start worker processes
2025/09/02 06:22:21 [notice] 1#1: start worker process 28
2025/09/02 06:22:21 [notice] 1#1: start worker process 29
2025/09/02 06:22:21 [notice] 1#1: start worker process 30
2025/09/02 06:22:21 [notice] 1#1: start worker process 31
2025/09/02 06:22:21 [notice] 1#1: start worker process 32
2025/09/02 06:22:21 [notice] 1#1: start worker process 33
2025/09/02 06:22:21 [notice] 1#1: start worker process 34
2025/09/02 06:22:21 [notice] 1#1: start worker process 35
2025/09/02 06:22:21 [notice] 1#1: start worker process 36
2025/09/02 06:22:21 [notice] 1#1: start worker process 37
2025/09/02 06:22:21 [notice] 1#1: start worker process 38
2025/09/02 06:22:21 [notice] 1#1: start worker process 39
2025/09/02 06:22:21 [notice] 1#1: start worker process 40
2025/09/02 06:22:21 [notice] 1#1: start worker process 41
2025/09/02 06:22:21 [notice] 1#1: start worker process 42
2025/09/02 06:22:21 [notice] 1#1: start worker process 43
2025/09/02 06:23:06 [warn] 28#28: *1 a client request body is buffered to a temporary file /var/cache/nginx/client_temp/0000000001, client: 172.18.0.1, server: localhost, request: "POST /materials/ HTTP/1.1", host: "localhost:8088", referrer: "http://localhost:8088/studyfile"
2025/09/02 06:24:31 [notice] 1#1: signal 3 (SIGQUIT) received, shutting down
2025/09/02 06:24:31 [notice] 28#28: gracefully shutting down
2025/09/02 06:24:31 [notice] 38#38: gracefully shutting down
2025/09/02 06:24:31 [notice] 30#30: gracefully shutting down
2025/09/02 06:24:31 [notice] 29#29: gracefully shutting down
2025/09/02 06:24:31 [notice] 35#35: gracefully shutting down
2025/09/02 06:24:31 [notice] 34#34: gracefully shutting down
2025/09/02 06:24:31 [notice] 33#33: gracefully shutting down
2025/09/02 06:24:31 [notice] 36#36: gracefully shutting down
2025/09/02 06:24:31 [notice] 32#32: gracefully shutting down
2025/09/02 06:24:31 [notice] 32#32: exiting
2025/09/02 06:24:31 [notice] 37#37: gracefully shutting down
2025/09/02 06:24:31 [notice] 32#32: exit
2025/09/02 06:24:31 [notice] 39#39: gracefully shutting down
2025/09/02 06:24:31 [notice] 41#41: gracefully shutting down
2025/09/02 06:24:31 [notice] 28#28: exiting
2025/09/02 06:24:31 [notice] 40#40: gracefully shutting down
2025/09/02 06:24:31 [notice] 40#40: exiting
2025/09/02 06:24:31 [notice] 31#31: gracefully shutting down
2025/09/02 06:24:31 [notice] 42#42: gracefully shutting down
2025/09/02 06:24:31 [notice] 38#38: exiting
2025/09/02 06:24:31 [notice] 43#43: gracefully shutting down
2025/09/02 06:24:31 [notice] 30#30: exiting
2025/09/02 06:24:31 [notice] 29#29: exiting
2025/09/02 06:24:31 [notice] 35#35: exiting
2025/09/02 06:24:31 [notice] 34#34: exiting
2025/09/02 06:24:31 [notice] 33#33: exiting
2025/09/02 06:24:31 [notice] 36#36: exiting
2025/09/02 06:24:31 [notice] 37#37: exiting
2025/09/02 06:24:31 [notice] 39#39: exiting
2025/09/02 06:24:31 [notice] 41#41: exiting
2025/09/02 06:24:31 [notice] 28#28: exit
2025/09/02 06:24:31 [notice] 40#40: exit
2025/09/02 06:24:31 [notice] 31#31: exiting
2025/09/02 06:24:31 [notice] 42#42: exiting
2025/09/02 06:24:31 [notice] 43#43: exiting
2025/09/02 06:24:31 [notice] 38#38: exit
2025/09/02 06:24:31 [notice] 30#30: exit
2025/09/02 06:24:31 [notice] 29#29: exit
2025/09/02 06:24:31 [notice] 35#35: exit
2025/09/02 06:24:31 [notice] 34#34: exit
2025/09/02 06:24:31 [notice] 33#33: exit
2025/09/02 06:24:31 [notice] 36#36: exit
2025/09/02 06:24:31 [notice] 37#37: exit
2025/09/02 06:24:31 [notice] 39#39: exit
2025/09/02 06:24:31 [notice] 41#41: exit
2025/09/02 06:24:31 [notice] 31#31: exit
2025/09/02 06:24:31 [notice] 42#42: exit
2025/09/02 06:24:31 [notice] 43#43: exit
2025/09/02 06:24:31 [notice] 1#1: signal 17 (SIGCHLD) received from 31
2025/09/02 06:24:31 [notice] 1#1: worker process 29 exited with code 0
2025/09/02 06:24:31 [notice] 1#1: worker process 30 exited with code 0
2025/09/02 06:24:31 [notice] 1#1: worker process 31 exited with code 0
2025/09/02 06:24:31 [notice] 1#1: worker process 32 exited with code 0
2025/09/02 06:24:31 [notice] 1#1: worker process 33 exited with code 0
2025/09/02 06:24:31 [notice] 1#1: worker process 39 exited with code 0
2025/09/02 06:24:31 [notice] 1#1: worker process 40 exited with code 0
2025/09/02 06:24:31 [notice] 1#1: worker process 41 exited with code 0
2025/09/02 06:24:31 [notice] 1#1: worker process 43 exited with code 0
2025/09/02 06:24:31 [notice] 1#1: signal 29 (SIGIO) received
2025/09/02 06:24:31 [notice] 1#1: signal 17 (SIGCHLD) received from 29
2025/09/02 06:24:31 [notice] 1#1: signal 17 (SIGCHLD) received from 35
2025/09/02 06:24:31 [notice] 1#1: worker process 28 exited with code 0
2025/09/02 06:24:31 [notice] 1#1: worker process 34 exited with code 0
2025/09/02 06:24:31 [notice] 1#1: worker process 35 exited with code 0
2025/09/02 06:24:31 [notice] 1#1: worker process 36 exited with code 0
2025/09/02 06:24:31 [notice] 1#1: worker process 37 exited with code 0
2025/09/02 06:24:31 [notice] 1#1: worker process 38 exited with code 0
2025/09/02 06:24:31 [notice] 1#1: worker process 42 exited with code 0
2025/09/02 06:24:31 [notice] 1#1: exit
2025/09/02 06:25:23 [notice] 1#1: using the "epoll" event method
2025/09/02 06:25:23 [notice] 1#1: nginx/1.29.1
2025/09/02 06:25:23 [notice] 1#1: built by gcc 12.2.0 (Debian 12.2.0-14+deb12u1) 
2025/09/02 06:25:23 [notice] 1#1: OS: Linux 6.6.87.2-microsoft-standard-WSL2
2025/09/02 06:25:23 [notice] 1#1: getrlimit(RLIMIT_NOFILE): 1048576:1048576
2025/09/02 06:25:23 [notice] 1#1: start worker processes
2025/09/02 06:25:23 [notice] 1#1: start worker process 28
2025/09/02 06:25:23 [notice] 1#1: start worker process 29
2025/09/02 06:25:23 [notice] 1#1: start worker process 30
2025/09/02 06:25:23 [notice] 1#1: start worker process 31
2025/09/02 06:25:23 [notice] 1#1: start worker process 32
2025/09/02 06:25:23 [notice] 1#1: start worker process 33
2025/09/02 06:25:23 [notice] 1#1: start worker process 34
2025/09/02 06:25:23 [notice] 1#1: start worker process 35
2025/09/02 06:25:23 [notice] 1#1: start worker process 36
2025/09/02 06:25:23 [notice] 1#1: start worker process 37
2025/09/02 06:25:23 [notice] 1#1: start worker process 38
2025/09/02 06:25:23 [notice] 1#1: start worker process 39
2025/09/02 06:25:23 [notice] 1#1: start worker process 40
2025/09/02 06:25:23 [notice] 1#1: start worker process 41
2025/09/02 06:25:23 [notice] 1#1: start worker process 42
2025/09/02 06:25:23 [notice] 1#1: start worker process 43
