INFO 2025-09-01 14:10:30,839 autoreload Watching for file changes with StatReloader
INFO 2025-09-01 14:15:16,027 autoreload Watching for file changes with StatReloader
INFO 2025-09-01 14:28:00,090 autoreload Watching for file changes with StatReloader
INFO 2025-09-01 14:49:20,879 autoreload Watching for file changes with StatReloader
INFO 2025-09-01 14:51:34,518 autoreload /app/materials/views.py changed, reloading.
INFO 2025-09-01 14:51:35,779 autoreload Watching for file changes with StatReloader
WARNING 2025-09-01 14:52:42,371 log Unauthorized: /materials/
WARNING 2025-09-01 14:52:42,372 basehttp "GET /materials/ HTTP/1.1" 401 5308
INFO 2025-09-01 14:52:42,438 basehttp "GET /static/rest_framework/css/default.css HTTP/1.1" 200 1152
INFO 2025-09-01 14:52:42,440 basehttp "GET /static/rest_framework/css/bootstrap-tweaks.css HTTP/1.1" 200 3426
INFO 2025-09-01 14:52:42,451 basehttp "GET /static/rest_framework/css/prettify.css HTTP/1.1" 200 817
INFO 2025-09-01 14:52:42,453 basehttp "GET /static/rest_framework/js/ajax-form.js HTTP/1.1" 200 3796
INFO 2025-09-01 14:52:42,454 basehttp "GET /static/rest_framework/js/csrf.js HTTP/1.1" 200 1793
INFO 2025-09-01 14:52:42,459 basehttp "GET /static/rest_framework/css/bootstrap.min.css HTTP/1.1" 200 121457
INFO 2025-09-01 14:52:42,463 basehttp "GET /static/rest_framework/js/default.js HTTP/1.1" 200 1268
INFO 2025-09-01 14:52:42,463 basehttp "GET /static/rest_framework/js/load-ajax-form.js HTTP/1.1" 200 59
INFO 2025-09-01 14:52:42,463 basehttp "GET /static/rest_framework/js/bootstrap.min.js HTTP/1.1" 200 39680
INFO 2025-09-01 14:52:42,464 basehttp "GET /static/rest_framework/js/prettify-min.js HTTP/1.1" 200 13632
INFO 2025-09-01 14:52:42,464 basehttp "GET /static/rest_framework/js/jquery-3.7.1.min.js HTTP/1.1" 200 87533
INFO 2025-09-01 14:52:42,480 basehttp "GET /static/rest_framework/img/grid.png HTTP/1.1" 200 1458
WARNING 2025-09-01 14:52:42,580 log Not Found: /favicon.ico
WARNING 2025-09-01 14:52:42,581 basehttp "GET /favicon.ico HTTP/1.1" 404 5778
INFO 2025-09-01 14:55:00,825 autoreload /app/materials/models.py changed, reloading.
INFO 2025-09-01 14:55:01,938 autoreload Watching for file changes with StatReloader
INFO 2025-09-01 14:55:31,147 autoreload /app/materials/serializers.py changed, reloading.
INFO 2025-09-01 14:55:32,416 autoreload Watching for file changes with StatReloader
INFO 2025-09-01 14:57:27,967 autoreload Watching for file changes with StatReloader
